// Jest Snapshot v1, https://goo.gl/fbAQLP

exports[`Testing <SButton/> SButton should render properly 1`] = `
<View
  style={
    Array [
      Object {
        "alignItems": "center",
        "flex": 1,
        "flexDirection": "row",
        "justifyContent": "center",
      },
    ]
  }
>
  <ForwardRef
    onPress={[Function]}
    style={
      Array [
        undefined,
        Object {
          "alignItems": "center",
          "flexDirection": "row",
          "justifyContent": "center",
        },
      ]
    }
  >
    <withTheme(Text)
      style={
        Object {
          "color": "red",
        }
      }
    >
      Test button
    </withTheme(Text)>
  </ForwardRef>
</View>
`;
